FAIL src/ui-react/TrainerTelemetry.test.tsx
  trainer telemetry wiring
    ✓ forwards card_selected to trackEvent with the stored true consent (60 ms)
    ✓ forwards card_unselected to trackEvent with the stored null consent (21 ms)
    ✓ emits deal_clicked when the Deal button is clicked (17 ms)
    ✓ scores a completed discard once its ranked answers are on screen (128 ms)
    ✓ does not reclassify a pre-consent analysis after consent (242 ms)
    ✓ records the first answer exposure before a rapid mind change (196 ms)
    ✓ stamps the current hand's provenance onto its history entry (6 ms)
    ✓ reports a restored entry with the provenance that entry recorded (97 ms)
    ✓ consumes first instinct for a hand restored with its analysis on screen (328 ms)
    ✓ reports a popstate hydration with a history source (90 ms)
    ✓ reports a deep-linked discard with a deeplink source (77 ms)
    ✓ marks the initial hand of a seeded session as seed-derived (4 ms)
    ✓ leaves the injected generator to the deal and the crib role (3 ms)
    ✓ sends sort order as 'deal-order' when deal order is selected (92 ms)
    ✕ reports the sort order in effect when the discard was made, even if changed before answers load (125 ms)

  ● trainer telemetry wiring › reports the sort order in effect when the discard was made, even if changed before answers load

    expect(received).toMatchObject(expected)

    - Expected  - 1
    + Received  + 1

      Object {
    -   "sortOrder": "descending",
    +   "sortOrder": "deal-order",
      }

      292 |     fireEvent.click(screen.getByRole("radio", { name: "DealOrder" }));
      293 |
    > 294 |     expect(lastEventParams(trackEvent, "discard_scored")).toMatchObject({
          |                                                           ^
      295 |       sortOrder: "descending",
      296 |     });
      297 |   });

      at Object.<anonymous> (src/ui-react/TrainerTelemetry.test.tsx:294:59)

-------------------------------------------|---------|----------|---------|---------|--------------------------------------------------------------------------------------------------------------------------------------------------------------------
File                                       | % Stmts | % Branch | % Funcs | % Lines | Uncovered Line #s                                                                                                                                                  
-------------------------------------------|---------|----------|---------|---------|--------------------------------------------------------------------------------------------------------------------------------------------------------------------
All files                                  |   58.66 |    38.48 |   52.64 |   58.98 |                                                                                                                                                                    
 src                                       |       0 |      100 |     100 |       0 |                                                                                                                                                                    
  index.tsx                                |       0 |      100 |     100 |       0 | 16-19                                                                                                                                                              
 src/analysis                              |   87.86 |    69.69 |    94.2 |   87.76 |                                                                                                                                                                    
  analysis.ts                              |      96 |    66.66 |     100 |      96 | 84                                                                                                                                                                 
  classifyMistake.ts                       |   84.68 |    68.96 |   86.66 |   84.68 | 247,289-291,330,358-362,372-388                                                                                                                                    
  compareByExpectedScoreDescending.ts      |   81.48 |    61.53 |     100 |   81.48 | 50,59-61,65-67                                                                                                                                                     
  cribUncertaintyBound.ts                  |   89.47 |       75 |     100 |   88.88 | 98-101                                                                                                                                                             
  discardQuality.ts                        |   94.73 |       50 |     100 |   94.44 | 90                                                                                                                                                                 
  oppositeRoleLoss.ts                      |     100 |      100 |     100 |     100 |                                                                                                                                                                    
  optimalDiscard.ts                        |   84.21 |     62.5 |     100 |   84.21 | 22,36-37                                                                                                                                                           
  playDeltaStandardError.ts                |     100 |      100 |     100 |     100 |                                                                                                                                                                    
 src/game                                  |   84.21 |    68.39 |   84.18 |   84.18 |                                                                                                                                                                    
  Card.ts                                  |   89.65 |       60 |     100 |   89.09 | 100,108-111,120,154                                                                                                                                                
  DealtCard.ts                             |       0 |        0 |       0 |       0 |                                                                                                                                                                    
  HandCard.ts                              |       0 |        0 |       0 |       0 |                                                                                                                                                                    
  cribUncertainty.ts                       |     100 |      100 |     100 |     100 |                                                                                                                                                                    
  cribUncertaintyLoader.ts                 |   66.66 |      100 |       0 |   66.66 | 9                                                                                                                                                                  
  dealHand.ts                              |     100 |      100 |     100 |     100 |                                                                                                                                                                    
  discardIsComplete.ts                     |     100 |      100 |     100 |     100 |                                                                                                                                                                    
  expectedCribPoints.ts                    |   92.41 |    79.66 |   95.45 |    91.6 | 143,153,165,200,218,375,444,472-476                                                                                                                                
  expectedCribPointsTableLoader.ts         |   66.66 |      100 |       0 |   66.66 | 5                                                                                                                                                                  
  expectedCutAddedPoints.ts                |     100 |      100 |     100 |     100 |                                                                                                                                                                    
  expectedHandPoints.ts                    |       0 |      100 |       0 |       0 | 6-52                                                                                                                                                               
  expectedPlayPoints.ts                    |    86.2 |    66.66 |     100 |    86.2 | 66,98,116,128                                                                                                                                                      
  expectedPlayPointsTableLoader.ts         |   66.66 |      100 |       0 |   66.66 | 5                                                                                                                                                                  
  expectedPointsTableLoader.ts             |   58.82 |    16.66 |      60 |   56.25 | 19-36                                                                                                                                                              
  facts.ts                                 |     100 |      100 |     100 |     100 |                                                                                                                                                                    
  getRemainingDeck.ts                      |     100 |      100 |     100 |     100 |                                                                                                                                                                    
  handPoints.ts                            |    98.3 |    85.71 |     100 |   98.18 | 83                                                                                                                                                                 
  isStableDiscardState.ts                  |     100 |      100 |     100 |     100 |                                                                                                                                                                    
  playUncertainty.ts                       |     100 |      100 |     100 |     100 |                                                                                                                                                                    
  playUncertaintyLoader.ts                 |   66.66 |      100 |       0 |   66.66 | 9                                                                                                                                                                  
  randomNumberGenerator.ts                 |       0 |        0 |       0 |       0 | 5-9                                                                                                                                                                
  rankCounts.ts                            |     100 |      100 |     100 |     100 |                                                                                                                                                                    
  suitPermutation.ts                       |   29.26 |        0 |   13.33 |   31.42 | 28-30,56-57,71-73,119-165,185                                                                                                                                      
  toDealtCards.ts                          |     100 |       50 |     100 |     100 | 11                                                                                                                                                                 
  uncertaintyLoader.ts                     |      95 |       50 |   85.71 |   94.73 | 61                                                                                                                                                                 
  uncertaintySidecar.ts                    |   86.66 |    73.84 |     100 |   86.66 | 277,283,286,300,304,308,328,331,334,338,342,349                                                                                                                    
 src/ui                                    |   45.66 |    28.24 |   41.01 |   45.97 |                                                                                                                                                                    
  SortOrder.ts                             |     100 |      100 |     100 |     100 |                                                                                                                                                                    
  SortOrderName.ts                         |     100 |      100 |     100 |     100 |                                                                                                                                                                    
  analyticsConsent.ts                      |   85.71 |    63.63 |      75 |   85.71 | 81,144-154                                                                                                                                                         
  clearGoogleAnalyticsCookies.ts           |      75 |      100 |      60 |      75 | 4,21-22                                                                                                                                                            
  discardDecisionRecord.ts                 |   86.95 |    81.48 |     100 |   86.95 | 73,94,101                                                                                                                                                          
  discardQualityTrend.ts                   |   22.53 |        0 |       0 |   22.69 | 62-69,73,76,79,82-83,91-98,106,109-113,117,128-130,136-143,149,170,181-188,197-199,208-210,223-230,255-260,270-295,311-319,339-358,369,377-382,391-399,407-458,475 
  discardQualityTrendRolling.ts            |    9.37 |        0 |       0 |      10 | 10-107,153-189                                                                                                                                                     
  discardTally.ts                          |   80.35 |    67.53 |   84.37 |   80.18 | 123,152,174,178,255,274,284,341,359-361,413,420,435-454,487-488                                                                                                    
  discardTallyKeyPrefix.ts                 |     100 |      100 |     100 |     100 |                                                                                                                                                                    
  getInitialProps.ts                       |       0 |      100 |       0 |       0 | 3-6                                                                                                                                                                
  gtag.ts                                  |       0 |      100 |       0 |       0 | 13                                                                                                                                                                 
  handKey.ts                               |   76.47 |     62.5 |     100 |   76.47 | 33,38,43,47                                                                                                                                                        
  handleLoadGoogleAnalytics.ts             |       0 |        0 |       0 |       0 | 3-7                                                                                                                                                                
  isFiniteNonNegative.ts                   |     100 |      100 |     100 |     100 |                                                                                                                                                                    
  isObject.ts                              |     100 |      100 |     100 |     100 |                                                                                                                                                                    
  loadGoogleAnalytics.ts                   |       0 |        0 |       0 |       0 | 5-70                                                                                                                                                               
  mistakeQueue.test.common.ts              |       0 |        0 |       0 |       0 | 10-123                                                                                                                                                             
  mistakeQueue.ts                          |   14.04 |        0 |       0 |   14.65 | 60-89,99-113,117,155-183,199-213,235-263,281-302,311-323,338,356-381,388-409                                                                                       
  practiceLedger.ts                        |   20.75 |        0 |       0 |   20.75 | 40,48,55,61-73,92-118,125-128,141,153-155,164-204                                                                                                                  
  sortCards.ts                             |   68.18 |       50 |   71.42 |   66.66 | 19-20,38-46,58                                                                                                                                                     
  sortOrderKeyPrefix.ts                    |     100 |      100 |     100 |     100 |                                                                                                                                                                    
  sortOrderPreference.ts                   |      75 |      100 |   66.66 |      75 | 18,31-32                                                                                                                                                           
  strayDrillRecords.ts                     |   66.66 |    47.36 |   53.84 |   69.23 | 48,65,77,100-108,149,152,157                                                                                                                                       
  trackEvent.ts                            |   31.81 |        0 |      10 |      30 | 140-142,146,150-175                                                                                                                                                
  urlAnalysisState.ts                      |   80.82 |    57.89 |     100 |      80 | 32,44-46,57,74-76,87,98-104,115-119                                                                                                                                
 src/ui-react                              |   51.47 |    33.25 |   38.67 |   52.24 |                                                                                                                                                                    
  AnalyticsConsentDialog.tsx               |   65.51 |    43.47 |   48.14 |   65.51 | 38-39,77,80-81,105,114,135,177,181,190-191,199-215,223-224,232-240,287,326,339                                                                                     
  BreakdownProps.ts                        |       0 |        0 |       0 |       0 |                                                                                                                                                                    
  CardGridPicker.tsx                       |   30.76 |        0 |   33.33 |      25 | 34-57                                                                                                                                                              
  CardLabel.tsx                            |   96.42 |       80 |     100 |   96.42 | 116                                                                                                                                                                
  CutResultRow.tsx                         |    3.57 |        0 |       0 |     3.7 | 28-118                                                                                                                                                             
  DealButton.tsx                           |     100 |      100 |     100 |     100 |                                                                                                                                                                    
  DecisionQualityChart.tsx                 |    7.14 |        0 |       0 |    7.27 | 62-339                                                                                                                                                             
  DecisionQualityTrendDialog.tsx           |   17.39 |        0 |       0 |   17.39 | 58-59,65,68-213                                                                                                                                                    
  DialogFilterGroup.tsx                    |      25 |      100 |       0 |      25 | 30-35                                                                                                                                                              
  DialogSummaryCards.tsx                   |       0 |      100 |       0 |       0 | 22-25                                                                                                                                                              
  DiscardTallyView.tsx                     |   78.57 |    55.55 |   53.33 |   80.48 | 88,91,95,98,113-114,131-132                                                                                                                                        
  EnterCardsDialog.tsx                     |      60 |        0 |   41.66 |    62.5 | 38-45,51,57,93                                                                                                                                                     
  Hand.tsx                                 |      80 |       25 |   66.66 |     100 | 8-14                                                                                                                                                               
  HandCard.tsx                             |     100 |    57.14 |     100 |     100 | 18,31-41                                                                                                                                                           
  HandProps.ts                             |       0 |        0 |       0 |       0 |                                                                                                                                                                    
  InteractiveHand.tsx                      |   85.71 |    63.63 |      50 |   85.71 | 30                                                                                                                                                                 
  MistakeQueueDialog.tsx                   |    8.69 |        0 |       0 |    9.67 | 64-155,181-383                                                                                                                                                     
  MistakeQueueItemCard.tsx                 |   26.66 |        0 |       0 |   27.58 | 32-38,45,58,82-91,104-132                                                                                                                                          
  Modal.tsx                                |      80 |       50 |     100 |      80 | 16                                                                                                                                                                 
  PointsCell.tsx                           |       0 |        0 |       0 |       0 | 4                                                                                                                                                                  
  PossibleHand.tsx                         |     100 |      100 |     100 |     100 |                                                                                                                                                                    
  PossibleHandCard.tsx                     |     100 |      100 |     100 |     100 |                                                                                                                                                                    
  PracticeDrillPanel.tsx                   |      32 |        0 |       0 |   33.33 | 38,56,64-75,86,103,127,157-182                                                                                                                                     
  PrivacyPolicy.tsx                        |   66.66 |      100 |       0 |   66.66 | 5                                                                                                                                                                  
  RoleLossPairText.tsx                     |     100 |       50 |     100 |     100 | 14                                                                                                                                                                 
  ScoredPossibleKeepDiscard.tsx            |   92.15 |    73.07 |   72.72 |      94 | 121,126-127                                                                                                                                                        
  ScoredPossibleKeepDiscardExpandedRow.tsx |   13.33 |        0 |       0 |   13.88 | 44,47,57-73,104,110-120,124,136-428                                                                                                                                
  ScoredPossibleKeepDiscards.tsx           |   93.93 |    76.47 |   95.83 |   93.84 | 291,299,314,361                                                                                                                                                    
  SortOrderInput.tsx                       |     100 |      100 |     100 |     100 |                                                                                                                                                                    
  SortedCardLabels.tsx                     |   33.33 |        0 |       0 |   33.33 | 17-20                                                                                                                                                              
  Trainer.tsx                              |   79.04 |    70.21 |   65.38 |   78.64 | 75-76,89-91,98,101,127,130,134-143,211-213,303,306,341-342                                                                                                         
  UncertaintyFigureText.tsx                |   45.45 |        0 |       0 |   45.45 | 38,51-57                                                                                                                                                           
  decisionQualityChartLayout.ts            |    36.3 |        0 |       0 |   37.06 | 53,71-74,81-92,113,118-119,127-131,148-151,156-162,169-170,177-180,192-195,202-209,230-237,248-260,266-307,313-316,328-351,357-373,377-381,389-391                 
  decisionQualityChartMarkers.tsx          |    8.16 |        0 |       0 |    8.69 | 35-110,139-250,294-313                                                                                                                                             
  expandedRowCategories.ts                 |   66.66 |        0 |       0 |   66.66 | 43-44                                                                                                                                                              
  expectedTables.ts                        |   71.42 |       75 |   33.33 |   83.33 | 31                                                                                                                                                                 
  getExpectedPlayBreakdownRows.ts          |      40 |        0 |       0 |      40 | 51-62,84,102-105                                                                                                                                                   
  getTenClass.ts                           |     100 |      100 |     100 |     100 |                                                                                                                                                                    
  groupCutsByResults.ts                    |    1.72 |        0 |       0 |    1.72 | 40-180                                                                                                                                                             
  test-utils.ts                            |       0 |        0 |       0 |       0 | 7-40                                                                                                                                                               
  uncertaintyFigure.ts                     |   66.66 |        0 |       0 |   66.66 | 41                                                                                                                                                                 
  useAnalysisReporting.ts                  |     100 |      100 |     100 |     100 |                                                                                                                                                                    
  useCloseOnEscape.ts                      |    62.5 |       25 |      75 |    62.5 | 6-7,11                                                                                                                                                             
  useDealHand.ts                           |   73.91 |       50 |   57.14 |   73.91 | 77,86-90,102                                                                                                                                                       
  useDiscardLiveRegion.ts                  |     100 |       80 |     100 |     100 | 19                                                                                                                                                                 
  useDiscardTally.ts                       |   83.72 |    65.78 |    90.9 |   83.72 | 201-202,278-281,297                                                                                                                                                
  useDiscardTelemetry.ts                   |   95.19 |     91.3 |     100 |   95.09 | 266,312,421-423                                                                                                                                                    
  useExpectedTables.ts                     |   61.53 |       50 |      40 |   66.66 | 31-34,40-41                                                                                                                                                        
  useMistakeQueueClassifications.ts        |   16.21 |        0 |       0 |   16.21 | 18,29-35,42,52-104                                                                                                                                                 
  usePracticeDrill.ts                      |   46.66 |    17.14 |   22.22 |   47.29 | 106,111,117,132,142,219,224-232,239,248-250,261-262,266,270-279,306-341                                                                                            
  useScoredKeepDiscardRows.ts              |     100 |    81.25 |     100 |     100 | 64,82-94                                                                                                                                                           
  useSortOrder.ts                          |     100 |      100 |     100 |     100 |                                                                                                                                                                    
  useUncertainty.ts                        |   91.66 |       50 |      80 |   91.66 | 43                                                                                                                                                                 
-------------------------------------------|---------|----------|---------|---------|--------------------------------------------------------------------------------------------------------------------------------------------------------------------
Jest: Coverage for statements (58.66%) does not meet "global" threshold (100%)
Jest: Coverage for branches (38.48%) does not meet "global" threshold (100%)
Jest: Coverage for lines (58.98%) does not meet "global" threshold (100%)
Jest: Coverage for functions (52.64%) does not meet "global" threshold (100%)
Test Suites: 1 failed, 1 total
Tests:       1 failed, 14 passed, 15 total
Snapshots:   0 total
Time:        4.179 s
Ran all test suites matching src/ui-react/TrainerTelemetry.test.tsx.
